LTspice 26.0.2 for Windows
Circuit: C:\Users\zeron\OneDrive\바탕 화면\Ashley\vestibular\Vestibular-push-pull-circuit\circuit_ver2.net
Start Time: Sat Aug 15 14:08:52 2026
Options:gminsteps=0 reltol=1e-4

.step v_lu=4
solver = Alternate
Maximum thread count: 8
tnom = 27
temp = 27
method = modified trap
reltol = 0.0001
Direct Newton iteration succeeded in finding operating point.

.step v_lu=4.5
Direct Newton iteration succeeded in finding operating point.

.step v_lu=5
Direct Newton iteration succeeded in finding operating point.

.step v_lu=5.5
Direct Newton iteration succeeded in finding operating point.

.step v_lu=6
Direct Newton iteration succeeded in finding operating point.
Total elapsed time: 44.716 seconds.

Files loaded:
C:\Users\zeron\OneDrive\바탕 화면\Ashley\vestibular\Vestibular-push-pull-circuit\circuit_ver2.net

