LTspice 26.0.2 for Windows
Circuit: C:\Users\zeron\OneDrive\바탕 화면\Ashley\vestibular\Vestibular-push-pull-circuit\version1.cir
Start Time: Fri Aug 14 17:01:04 2026
solver = Alternate
Maximum thread count: 8
tnom = 27
temp = 27
method = modified trap
Direct Newton iteration failed to find operating point.
Starting Gmin stepping
Gmin stepping failed to find operating point. Use".option gminsteps=0" to skip all Gmin stepping.
Starting source stepping with srcstepmethod=0
Source stepping aborted.
Starting source stepping with srcstepmethod=1
Source stepping aborted.
Starting Gmin stepping level 2
Gmin stepping level 2 failed to find operating point. Use".option gminsteps=0" to skip all Gmin stepping.
Starting source stepping with srcstepmethod=1, level 2
Source stepping aborted.
Starting source stepping with srcstepmethod=0, level 2
Source stepping aborted.
Pseudo Transient succeeded in finding the operating point at 1.40106 s
Total elapsed time: 36.892 seconds.

Files loaded:
C:\Users\zeron\OneDrive\바탕 화면\Ashley\vestibular\Vestibular-push-pull-circuit\version1.cir

